This file contains any messages produced by compilers while
running configure, to aid debugging if configure makes a mistake.

It was created by libao configure 1.2.0, which was
generated by GNU Autoconf 2.71.  Invocation command line was

  $ ./configure --disable-shared --enable-static --enable-alsa --enable-pulse --prefix=/usr

## --------- ##
## Platform. ##
## --------- ##

hostname = addysmagic-MacBookPro
uname -m = x86_64
uname -r = 6.4.6-76060406-generic
uname -s = Linux
uname -v = #202307241739~1690928105~22.04~d567a38 SMP PREEMPT_DYNAMIC Tue A

/usr/bin/uname -p = x86_64
/bin/uname -X     = unknown

/bin/arch              = x86_64
/usr/bin/arch -k       = unknown
/usr/convex/getsysinfo = unknown
/usr/bin/hostinfo      = unknown
/bin/machine           = unknown
/usr/bin/oslevel       = unknown
/bin/universe          = unknown

PATH: /usr/local/sbin/
PATH: /usr/local/bin/
PATH: /usr/sbin/
PATH: /usr/bin/
PATH: /sbin/
PATH: /bin/
PATH: /snap/bin/


## ----------- ##
## Core tests. ##
## ----------- ##

configure:2732: looking for aux files: ltmain.sh compile config.guess config.sub missing install-sh
configure:2745:  trying ./
configure:2774:   ./ltmain.sh found
configure:2774:   ./compile found
configure:2774:   ./config.guess found
configure:2774:   ./config.sub found
configure:2774:   ./missing found
configure:2756:   ./install-sh found
configure:2903: checking for a BSD-compatible install
configure:2976: result: /usr/bin/install -c
configure:2987: checking whether build environment is sane
configure:3042: result: yes
configure:3201: checking for a race-free mkdir -p
configure:3245: result: /usr/bin/mkdir -p
configure:3252: checking for gawk
configure:3273: found /usr/bin/gawk
configure:3284: result: gawk
configure:3295: checking whether make sets $(MAKE)
configure:3318: result: yes
configure:3348: checking whether make supports nested variables
configure:3366: result: yes
configure:3504: checking whether to enable maintainer-specific portions of Makefiles
configure:3514: result: no
configure:3576: checking build system type
configure:3591: result: x86_64-unknown-linux-gnu
configure:3611: checking host system type
configure:3625: result: x86_64-unknown-linux-gnu
configure:3713: checking for gcc
configure:3734: found /usr/bin/gcc
configure:3745: result: gcc
configure:4098: checking for C compiler version
configure:4107: gcc --version >&5
gcc (Ubuntu 11.4.0-1ubuntu1~22.04.2) 11.4.0
Copyright (C) 2021 Free Software Foundation, Inc.
This is free software; see the source for copying conditions.  There is NO
warranty; not even for MERCHANTABILITY or FITNESS FOR A PARTICULAR PURPOSE.

configure:4118: $? = 0
configure:4107: gcc -v >&5
Using built-in specs.
COLLECT_GCC=gcc
COLLECT_LTO_WRAPPER=/usr/lib/gcc/x86_64-linux-gnu/11/lto-wrapper
OFFLOAD_TARGET_NAMES=nvptx-none:amdgcn-amdhsa
OFFLOAD_TARGET_DEFAULT=1
Target: x86_64-linux-gnu
Configured with: ../src/configure -v --with-pkgversion='Ubuntu 11.4.0-1ubuntu1~22.04.2' --with-bugurl=file:///usr/share/doc/gcc-11/README.Bugs --enable-languages=c,ada,c++,go,brig,d,fortran,objc,obj-c++,m2 --prefix=/usr --with-gcc-major-version-only --program-suffix=-11 --program-prefix=x86_64-linux-gnu- --enable-shared --enable-linker-build-id --libexecdir=/usr/lib --without-included-gettext --enable-threads=posix --libdir=/usr/lib --enable-nls --enable-bootstrap --enable-clocale=gnu --enable-libstdcxx-debug --enable-libstdcxx-time=yes --with-default-libstdcxx-abi=new --enable-gnu-unique-object --disable-vtable-verify --enable-plugin --enable-default-pie --with-system-zlib --enable-libphobos-checking=release --with-target-system-zlib=auto --enable-objc-gc=auto --enable-multiarch --disable-werror --enable-cet --with-arch-32=i686 --with-abi=m64 --with-multilib-list=m32,m64,mx32 --enable-multilib --with-tune=generic --enable-offload-targets=nvptx-none=/build/gcc-11-2Y5pKs/gcc-11-11.4.0/debian/tmp-nvptx/usr,amdgcn-amdhsa=/build/gcc-11-2Y5pKs/gcc-11-11.4.0/debian/tmp-gcn/usr --without-cuda-driver --enable-checking=release --build=x86_64-linux-gnu --host=x86_64-linux-gnu --target=x86_64-linux-gnu --with-build-config=bootstrap-lto-lean --enable-link-serialization=2
Thread model: posix
Supported LTO compression algorithms: zlib zstd
gcc version 11.4.0 (Ubuntu 11.4.0-1ubuntu1~22.04.2) 
... rest of stderr output deleted ...
configure:4118: $? = 0
configure:4107: gcc -V >&5
gcc: error: unrecognized command-line option '-V'
gcc: fatal error: no input files
compilation terminated.
configure:4118: $? = 1
configure:4107: gcc -qversion >&5
gcc: error: unrecognized command-line option '-qversion'; did you mean '--version'?
gcc: fatal error: no input files
compilation terminated.
configure:4118: $? = 1
configure:4107: gcc -version >&5
gcc: error: unrecognized command-line option '-version'
gcc: fatal error: no input files
compilation terminated.
configure:4118: $? = 1
configure:4138: checking whether the C compiler works
configure:4160: gcc    conftest.c  >&5
configure:4164: $? = 0
configure:4214: result: yes
configure:4217: checking for C compiler default output file name
configure:4219: result: a.out
configure:4225: checking for suffix of executables
configure:4232: gcc -o conftest    conftest.c  >&5
configure:4236: $? = 0
configure:4259: result: 
configure:4281: checking whether we are cross compiling
configure:4289: gcc -o conftest    conftest.c  >&5
configure:4293: $? = 0
configure:4300: ./conftest
configure:4304: $? = 0
configure:4319: result: no
configure:4324: checking for suffix of object files
configure:4347: gcc -c   conftest.c >&5
configure:4351: $? = 0
configure:4373: result: o
configure:4377: checking whether the compiler supports GNU C
configure:4397: gcc -c   conftest.c >&5
configure:4397: $? = 0
configure:4407: result: yes
configure:4418: checking whether gcc accepts -g
configure:4439: gcc -c -g  conftest.c >&5
configure:4439: $? = 0
configure:4483: result: yes
configure:4503: checking for gcc option to enable C11 features
configure:4518: gcc  -c -g -O2  conftest.c >&5
configure:4518: $? = 0
configure:4536: result: none needed
configure:4652: checking whether gcc understands -c and -o together
configure:4675: gcc -c conftest.c -o conftest2.o
configure:4678: $? = 0
configure:4675: gcc -c conftest.c -o conftest2.o
configure:4678: $? = 0
configure:4690: result: yes
configure:4710: checking whether make supports the include directive
configure:4725: make -f confmf.GNU && cat confinc.out
this is the am__doit target
configure:4728: $? = 0
configure:4747: result: yes (GNU style)
configure:4773: checking dependency style of gcc
configure:4885: result: gcc3
configure:5284: checking how to print strings
configure:5311: result: printf
configure:5332: checking for a sed that does not truncate output
configure:5402: result: /usr/bin/sed
configure:5420: checking for grep that handles long lines and -e
configure:5484: result: /usr/bin/grep
configure:5489: checking for egrep
configure:5557: result: /usr/bin/grep -E
configure:5562: checking for fgrep
configure:5630: result: /usr/bin/grep -F
configure:5666: checking for ld used by gcc
configure:5734: result: /usr/bin/ld
configure:5741: checking if the linker (/usr/bin/ld) is GNU ld
configure:5757: result: yes
configure:5769: checking for BSD- or MS-compatible name lister (nm)
configure:5824: result: /usr/bin/nm -B
configure:5964: checking the name lister (/usr/bin/nm -B) interface
configure:5972: gcc -c -g -O2  conftest.c >&5
configure:5975: /usr/bin/nm -B "conftest.o"
configure:5978: output
0000000000000000 B some_variable
configure:5985: result: BSD nm
configure:5988: checking whether ln -s works
configure:5992: result: yes
configure:6000: checking the maximum length of command line arguments
configure:6132: result: 1572864
configure:6180: checking how to convert x86_64-unknown-linux-gnu file names to x86_64-unknown-linux-gnu format
configure:6221: result: func_convert_file_noop
configure:6228: checking how to convert x86_64-unknown-linux-gnu file names to toolchain format
configure:6249: result: func_convert_file_noop
configure:6256: checking for /usr/bin/ld option to reload object files
configure:6264: result: -r
configure:6343: checking for objdump
configure:6375: result: objdump
configure:6404: checking how to recognize dependent libraries
configure:6605: result: pass_all
configure:6695: checking for dlltool
configure:6727: result: dlltool
configure:6757: checking how to associate runtime and link libraries
configure:6785: result: printf %s\n
configure:6851: checking for ar
configure:6872: found /usr/bin/ar
configure:6883: result: ar
configure:6920: checking for archiver @FILE support
configure:6938: gcc -c -g -O2  conftest.c >&5
configure:6938: $? = 0
configure:6942: ar cr libconftest.a @conftest.lst >&5
configure:6945: $? = 0
configure:6950: ar cr libconftest.a @conftest.lst >&5
ar: conftest.o: No such file or directory
configure:6953: $? = 1
configure:6965: result: @
configure:7028: checking for strip
configure:7049: found /usr/bin/strip
configure:7060: result: strip
configure:7137: checking for ranlib
configure:7158: found /usr/bin/ranlib
configure:7169: result: ranlib
configure:7271: checking command to parse /usr/bin/nm -B output from gcc object
configure:7425: gcc -c -g -O2  conftest.c >&5
configure:7428: $? = 0
configure:7432: /usr/bin/nm -B conftest.o | sed -n -e 's/^.*[	 ]\([ABCDGIRSTW][ABCDGIRSTW]*\)[	 ][	 ]*\([_A-Za-z][_A-Za-z0-9]*\)$/\1 \2 \2/p' | sed '/ __gnu_lto/d' > conftest.nm
configure:7498: gcc -o conftest -g -O2   conftest.c conftstm.o >&5
configure:7501: $? = 0
configure:7539: result: ok
configure:7586: checking for sysroot
configure:7617: result: no
configure:7624: checking for a working dd
configure:7668: result: /usr/bin/dd
configure:7672: checking how to truncate binary pipes
configure:7688: result: /usr/bin/dd bs=4096 count=1
configure:7825: gcc -c -g -O2  conftest.c >&5
configure:7828: $? = 0
configure:8025: checking for mt
configure:8046: found /usr/bin/mt
configure:8057: result: mt
configure:8080: checking if mt is a manifest tool
configure:8087: mt '-?'
configure:8095: result: no
configure:8825: checking for stdio.h
configure:8825: gcc -c -g -O2  conftest.c >&5
configure:8825: $? = 0
configure:8825: result: yes
configure:8825: checking for stdlib.h
configure:8825: gcc -c -g -O2  conftest.c >&5
configure:8825: $? = 0
configure:8825: result: yes
configure:8825: checking for string.h
configure:8825: gcc -c -g -O2  conftest.c >&5
configure:8825: $? = 0
configure:8825: result: yes
configure:8825: checking for inttypes.h
configure:8825: gcc -c -g -O2  conftest.c >&5
configure:8825: $? = 0
configure:8825: result: yes
configure:8825: checking for stdint.h
configure:8825: gcc -c -g -O2  conftest.c >&5
configure:8825: $? = 0
configure:8825: result: yes
configure:8825: checking for strings.h
configure:8825: gcc -c -g -O2  conftest.c >&5
configure:8825: $? = 0
configure:8825: result: yes
configure:8825: checking for sys/stat.h
configure:8825: gcc -c -g -O2  conftest.c >&5
configure:8825: $? = 0
configure:8825: result: yes
configure:8825: checking for sys/types.h
configure:8825: gcc -c -g -O2  conftest.c >&5
configure:8825: $? = 0
configure:8825: result: yes
configure:8825: checking for unistd.h
configure:8825: gcc -c -g -O2  conftest.c >&5
configure:8825: $? = 0
configure:8825: result: yes
configure:8850: checking for dlfcn.h
configure:8850: gcc -c -g -O2  conftest.c >&5
configure:8850: $? = 0
configure:8850: result: yes
configure:9074: checking for objdir
configure:9090: result: .libs
configure:9350: checking if gcc supports -fno-rtti -fno-exceptions
configure:9369: gcc -c -g -O2  -fno-rtti -fno-exceptions conftest.c >&5
cc1: warning: command-line option '-fno-rtti' is valid for C++/D/ObjC++ but not for C
configure:9373: $? = 0
configure:9386: result: no
configure:9750: checking for gcc option to produce PIC
configure:9758: result: -fPIC -DPIC
configure:9766: checking if gcc PIC flag -fPIC -DPIC works
configure:9785: gcc -c -g -O2  -fPIC -DPIC -DPIC conftest.c >&5
configure:9789: $? = 0
configure:9802: result: yes
configure:9831: checking if gcc static flag -static works
configure:9860: result: yes
configure:9875: checking if gcc supports -c -o file.o
configure:9897: gcc -c -g -O2  -o out/conftest2.o conftest.c >&5
configure:9901: $? = 0
configure:9923: result: yes
configure:9931: checking if gcc supports -c -o file.o
configure:9979: result: yes
configure:10012: checking whether the gcc linker (/usr/bin/ld -m elf_x86_64) supports shared libraries
configure:11282: result: yes
configure:11523: checking dynamic linker characteristics
configure:12105: gcc -o conftest -g -O2   -Wl,-rpath -Wl,/foo conftest.c  >&5
configure:12105: $? = 0
configure:12356: result: GNU/Linux ld.so
configure:12478: checking how to hardcode library paths into programs
configure:12503: result: immediate
configure:12605: checking for shl_load
configure:12605: gcc -o conftest -g -O2   conftest.c  >&5
/usr/bin/ld: /tmp/cc6RCa8b.o: in function `main':
/mnt/FASTstorage/FASTprogs/emotionstreamer/code/libao-1.2.0/conftest.c:50: undefined reference to `shl_load'
collect2: error: ld returned 1 exit status
configure:12605: $? = 1
configure: failed program was:
| /* confdefs.h */
| #define PACKAGE_NAME "libao"
| #define PACKAGE_TARNAME "libao"
| #define PACKAGE_VERSION "1.2.0"
| #define PACKAGE_STRING "libao 1.2.0"
| #define PACKAGE_BUGREPORT "monty@xiph.org"
| #define PACKAGE_URL ""
| #define PACKAGE "libao"
| #define VERSION "1.2.0"
| #define HAVE_STDIO_H 1
| #define HAVE_STDLIB_H 1
| #define HAVE_STRING_H 1
| #define HAVE_INTTYPES_H 1
| #define HAVE_STDINT_H 1
| #define HAVE_STRINGS_H 1
| #define HAVE_SYS_STAT_H 1
| #define HAVE_SYS_TYPES_H 1
| #define HAVE_UNISTD_H 1
| #define STDC_HEADERS 1
| #define HAVE_DLFCN_H 1
| #define LT_OBJDIR ".libs/"
| /* end confdefs.h.  */
| /* Define shl_load to an innocuous variant, in case <limits.h> declares shl_load.
|    For example, HP-UX 11i <limits.h> declares gettimeofday.  */
| #define shl_load innocuous_shl_load
| 
| /* System header to define __stub macros and hopefully few prototypes,
|    which can conflict with char shl_load (); below.  */
| 
| #include <limits.h>
| #undef shl_load
| 
| /* Override any GCC internal prototype to avoid an error.
|    Use char because int might match the return type of a GCC
|    builtin and then its argument prototype would still apply.  */
| #ifdef __cplusplus
| extern "C"
| #endif
| char shl_load ();
| /* The GNU C library defines this for functions which it implements
|     to always fail with ENOSYS.  Some functions are actually named
|     something starting with __ and the normal name is an alias.  */
| #if defined __stub_shl_load || defined __stub___shl_load
| choke me
| #endif
| 
| int
| main (void)
| {
| return shl_load ();
|   ;
|   return 0;
| }
configure:12605: result: no
configure:12610: checking for shl_load in -ldld
configure:12633: gcc -o conftest -g -O2   conftest.c -ldld   >&5
/usr/bin/ld: cannot find -ldld: No such file or directory
collect2: error: ld returned 1 exit status
configure:12633: $? = 1
configure: failed program was:
| /* confdefs.h */
| #define PACKAGE_NAME "libao"
| #define PACKAGE_TARNAME "libao"
| #define PACKAGE_VERSION "1.2.0"
| #define PACKAGE_STRING "libao 1.2.0"
| #define PACKAGE_BUGREPORT "monty@xiph.org"
| #define PACKAGE_URL ""
| #define PACKAGE "libao"
| #define VERSION "1.2.0"
| #define HAVE_STDIO_H 1
| #define HAVE_STDLIB_H 1
| #define HAVE_STRING_H 1
| #define HAVE_INTTYPES_H 1
| #define HAVE_STDINT_H 1
| #define HAVE_STRINGS_H 1
| #define HAVE_SYS_STAT_H 1
| #define HAVE_SYS_TYPES_H 1
| #define HAVE_UNISTD_H 1
| #define STDC_HEADERS 1
| #define HAVE_DLFCN_H 1
| #define LT_OBJDIR ".libs/"
| /* end confdefs.h.  */
| 
| /* Override any GCC internal prototype to avoid an error.
|    Use char because int might match the return type of a GCC
|    builtin and then its argument prototype would still apply.  */
| char shl_load ();
| int
| main (void)
| {
| return shl_load ();
|   ;
|   return 0;
| }
configure:12643: result: no
configure:12649: checking for dlopen
configure:12649: gcc -o conftest -g -O2   conftest.c  >&5
configure:12649: $? = 0
configure:12649: result: yes
configure:12807: checking whether a program can dlopen itself
configure:12888: gcc -o conftest -g -O2  -DHAVE_DLFCN_H  -Wl,--export-dynamic conftest.c   >&5
configure:12891: $? = 0
configure:12909: result: yes
configure:12914: checking whether a statically linked program can dlopen itself
configure:12995: gcc -o conftest -g -O2  -DHAVE_DLFCN_H  -Wl,--export-dynamic -static conftest.c   >&5
/usr/bin/ld: /tmp/cc3itTxD.o: in function `main':
/mnt/FASTstorage/FASTprogs/emotionstreamer/code/libao-1.2.0/configure:12974: warning: Using 'dlopen' in statically linked applications requires at runtime the shared libraries from the glibc version used for linking
configure:12998: $? = 0
conftest: undefined symbol: _fnord
configure:13016: result: no
configure:13055: checking whether stripping libraries is possible
configure:13060: result: yes
configure:13095: checking if libtool supports shared libraries
configure:13097: result: yes
configure:13100: checking whether to build shared libraries
configure:13125: result: no
configure:13128: checking whether to build static libraries
configure:13132: result: yes
configure:13173: checking for dlfcn.h
configure:13173: result: yes
configure:13177: checking for library containing dlopen
configure:13207: gcc -o conftest -g -O2   conftest.c  >&5
configure:13207: $? = 0
configure:13227: result: none required
configure:13307: checking if libraries can be versioned
configure:13312: result: yes
configure:13331: checking for pthread_kill in -lpthread
configure:13354: gcc -o conftest -O20 -ffast-math -D_REENTRANT -fsigned-char  -DAO_BUILDING_LIBAO   conftest.c -lpthread   >&5
configure:13354: $? = 0
configure:13364: result: yes
configure:13400: checking size of short
configure:13406: gcc -o conftest -O20 -ffast-math -D_REENTRANT -fsigned-char  -DAO_BUILDING_LIBAO   conftest.c -lpthread  >&5
configure:13406: $? = 0
configure:13406: ./conftest
configure:13406: $? = 0
configure:13421: result: 2
configure:13433: checking size of int
configure:13439: gcc -o conftest -O20 -ffast-math -D_REENTRANT -fsigned-char  -DAO_BUILDING_LIBAO   conftest.c -lpthread  >&5
configure:13439: $? = 0
configure:13439: ./conftest
configure:13439: $? = 0
configure:13454: result: 4
configure:13466: checking size of long
configure:13472: gcc -o conftest -O20 -ffast-math -D_REENTRANT -fsigned-char  -DAO_BUILDING_LIBAO   conftest.c -lpthread  >&5
configure:13472: $? = 0
configure:13472: ./conftest
configure:13472: $? = 0
configure:13487: result: 8
configure:13619: checking for esd-config
configure:13655: result: no
configure:13664: checking for ESD - version >= 0.2.8
configure:13766: result: no
configure:13840: checking for sys/soundcard.h
configure:13840: gcc -c -O20 -ffast-math -D_REENTRANT -fsigned-char  -DAO_BUILDING_LIBAO  conftest.c >&5
configure:13840: $? = 0
configure:13840: result: yes
configure:13850: checking for machine/soundcard.h
configure:13850: gcc -c -O20 -ffast-math -D_REENTRANT -fsigned-char  -DAO_BUILDING_LIBAO  conftest.c >&5
conftest.c:60:10: fatal error: machine/soundcard.h: No such file or directory
   60 | #include <machine/soundcard.h>
      |          ^~~~~~~~~~~~~~~~~~~~~
compilation terminated.
configure:13850: $? = 1
configure: failed program was:
| /* confdefs.h */
| #define PACKAGE_NAME "libao"
| #define PACKAGE_TARNAME "libao"
| #define PACKAGE_VERSION "1.2.0"
| #define PACKAGE_STRING "libao 1.2.0"
| #define PACKAGE_BUGREPORT "monty@xiph.org"
| #define PACKAGE_URL ""
| #define PACKAGE "libao"
| #define VERSION "1.2.0"
| #define HAVE_STDIO_H 1
| #define HAVE_STDLIB_H 1
| #define HAVE_STRING_H 1
| #define HAVE_INTTYPES_H 1
| #define HAVE_STDINT_H 1
| #define HAVE_STRINGS_H 1
| #define HAVE_SYS_STAT_H 1
| #define HAVE_SYS_TYPES_H 1
| #define HAVE_UNISTD_H 1
| #define STDC_HEADERS 1
| #define HAVE_DLFCN_H 1
| #define LT_OBJDIR ".libs/"
| #define HAVE_DLFCN_H 1
| #define HAVE_DLOPEN 1
| #define HAVE_LIBPTHREAD 1
| #define DLOPEN_FLAG (RTLD_NOW | RTLD_GLOBAL)
| #define SHARED_LIB_EXT ".so"
| #define SIZEOF_SHORT 2
| #define SIZEOF_INT 4
| #define SIZEOF_LONG 8
| #define HAVE_SYS_SOUNDCARD_H 1
| /* end confdefs.h.  */
| #include <stddef.h>
| #ifdef HAVE_STDIO_H
| # include <stdio.h>
| #endif
| #ifdef HAVE_STDLIB_H
| # include <stdlib.h>
| #endif
| #ifdef HAVE_STRING_H
| # include <string.h>
| #endif
| #ifdef HAVE_INTTYPES_H
| # include <inttypes.h>
| #endif
| #ifdef HAVE_STDINT_H
| # include <stdint.h>
| #endif
| #ifdef HAVE_STRINGS_H
| # include <strings.h>
| #endif
| #ifdef HAVE_SYS_TYPES_H
| # include <sys/types.h>
| #endif
| #ifdef HAVE_SYS_STAT_H
| # include <sys/stat.h>
| #endif
| #ifdef HAVE_UNISTD_H
| # include <unistd.h>
| #endif
| #include <machine/soundcard.h>
configure:13850: result: no
configure:13887: checking for snd_pcm_open in -lasound
configure:13910: gcc -o conftest -O20 -ffast-math -D_REENTRANT -fsigned-char  -DAO_BUILDING_LIBAO   conftest.c -lasound  -lpthread  >&5
configure:13910: $? = 0
configure:13920: result: yes
configure:13929: checking for alsa/asoundlib.h
configure:13929: gcc -c -O20 -ffast-math -D_REENTRANT -fsigned-char  -DAO_BUILDING_LIBAO  conftest.c >&5
configure:13929: $? = 0
configure:13929: result: yes
configure:13984: WARNING: Broken OSS API workaround enabled.  See README for details.
configure:13992: checking for sys/audioio.h
configure:13992: gcc -c -O20 -ffast-math -D_REENTRANT -fsigned-char  -DAO_BUILDING_LIBAO  conftest.c >&5
conftest.c:61:10: fatal error: sys/audioio.h: No such file or directory
   61 | #include <sys/audioio.h>
      |          ^~~~~~~~~~~~~~~
compilation terminated.
configure:13992: $? = 1
configure: failed program was:
| /* confdefs.h */
| #define PACKAGE_NAME "libao"
| #define PACKAGE_TARNAME "libao"
| #define PACKAGE_VERSION "1.2.0"
| #define PACKAGE_STRING "libao 1.2.0"
| #define PACKAGE_BUGREPORT "monty@xiph.org"
| #define PACKAGE_URL ""
| #define PACKAGE "libao"
| #define VERSION "1.2.0"
| #define HAVE_STDIO_H 1
| #define HAVE_STDLIB_H 1
| #define HAVE_STRING_H 1
| #define HAVE_INTTYPES_H 1
| #define HAVE_STDINT_H 1
| #define HAVE_STRINGS_H 1
| #define HAVE_SYS_STAT_H 1
| #define HAVE_SYS_TYPES_H 1
| #define HAVE_UNISTD_H 1
| #define STDC_HEADERS 1
| #define HAVE_DLFCN_H 1
| #define LT_OBJDIR ".libs/"
| #define HAVE_DLFCN_H 1
| #define HAVE_DLOPEN 1
| #define HAVE_LIBPTHREAD 1
| #define DLOPEN_FLAG (RTLD_NOW | RTLD_GLOBAL)
| #define SHARED_LIB_EXT ".so"
| #define SIZEOF_SHORT 2
| #define SIZEOF_INT 4
| #define SIZEOF_LONG 8
| #define HAVE_SYS_SOUNDCARD_H 1
| #define BROKEN_OSS 1
| /* end confdefs.h.  */
| #include <stddef.h>
| #ifdef HAVE_STDIO_H
| # include <stdio.h>
| #endif
| #ifdef HAVE_STDLIB_H
| # include <stdlib.h>
| #endif
| #ifdef HAVE_STRING_H
| # include <string.h>
| #endif
| #ifdef HAVE_INTTYPES_H
| # include <inttypes.h>
| #endif
| #ifdef HAVE_STDINT_H
| # include <stdint.h>
| #endif
| #ifdef HAVE_STRINGS_H
| # include <strings.h>
| #endif
| #ifdef HAVE_SYS_TYPES_H
| # include <sys/types.h>
| #endif
| #ifdef HAVE_SYS_STAT_H
| # include <sys/stat.h>
| #endif
| #ifdef HAVE_UNISTD_H
| # include <unistd.h>
| #endif
| #include <sys/audioio.h>
configure:13992: result: no
configure:14013: checking for sndio.h
configure:14013: gcc -c -O20 -ffast-math -D_REENTRANT -fsigned-char  -DAO_BUILDING_LIBAO  conftest.c >&5
conftest.c:61:10: fatal error: sndio.h: No such file or directory
   61 | #include <sndio.h>
      |          ^~~~~~~~~
compilation terminated.
configure:14013: $? = 1
configure: failed program was:
| /* confdefs.h */
| #define PACKAGE_NAME "libao"
| #define PACKAGE_TARNAME "libao"
| #define PACKAGE_VERSION "1.2.0"
| #define PACKAGE_STRING "libao 1.2.0"
| #define PACKAGE_BUGREPORT "monty@xiph.org"
| #define PACKAGE_URL ""
| #define PACKAGE "libao"
| #define VERSION "1.2.0"
| #define HAVE_STDIO_H 1
| #define HAVE_STDLIB_H 1
| #define HAVE_STRING_H 1
| #define HAVE_INTTYPES_H 1
| #define HAVE_STDINT_H 1
| #define HAVE_STRINGS_H 1
| #define HAVE_SYS_STAT_H 1
| #define HAVE_SYS_TYPES_H 1
| #define HAVE_UNISTD_H 1
| #define STDC_HEADERS 1
| #define HAVE_DLFCN_H 1
| #define LT_OBJDIR ".libs/"
| #define HAVE_DLFCN_H 1
| #define HAVE_DLOPEN 1
| #define HAVE_LIBPTHREAD 1
| #define DLOPEN_FLAG (RTLD_NOW | RTLD_GLOBAL)
| #define SHARED_LIB_EXT ".so"
| #define SIZEOF_SHORT 2
| #define SIZEOF_INT 4
| #define SIZEOF_LONG 8
| #define HAVE_SYS_SOUNDCARD_H 1
| #define BROKEN_OSS 1
| /* end confdefs.h.  */
| #include <stddef.h>
| #ifdef HAVE_STDIO_H
| # include <stdio.h>
| #endif
| #ifdef HAVE_STDLIB_H
| # include <stdlib.h>
| #endif
| #ifdef HAVE_STRING_H
| # include <string.h>
| #endif
| #ifdef HAVE_INTTYPES_H
| # include <inttypes.h>
| #endif
| #ifdef HAVE_STDINT_H
| # include <stdint.h>
| #endif
| #ifdef HAVE_STRINGS_H
| # include <strings.h>
| #endif
| #ifdef HAVE_SYS_TYPES_H
| # include <sys/types.h>
| #endif
| #ifdef HAVE_SYS_STAT_H
| # include <sys/stat.h>
| #endif
| #ifdef HAVE_UNISTD_H
| # include <unistd.h>
| #endif
| #include <sndio.h>
configure:14013: result: no
configure:14034: checking for libroar/config.h
configure:14034: gcc -c -O20 -ffast-math -D_REENTRANT -fsigned-char  -DAO_BUILDING_LIBAO  conftest.c >&5
conftest.c:61:10: fatal error: libroar/config.h: No such file or directory
   61 | #include <libroar/config.h>
      |          ^~~~~~~~~~~~~~~~~~
compilation terminated.
configure:14034: $? = 1
configure: failed program was:
| /* confdefs.h */
| #define PACKAGE_NAME "libao"
| #define PACKAGE_TARNAME "libao"
| #define PACKAGE_VERSION "1.2.0"
| #define PACKAGE_STRING "libao 1.2.0"
| #define PACKAGE_BUGREPORT "monty@xiph.org"
| #define PACKAGE_URL ""
| #define PACKAGE "libao"
| #define VERSION "1.2.0"
| #define HAVE_STDIO_H 1
| #define HAVE_STDLIB_H 1
| #define HAVE_STRING_H 1
| #define HAVE_INTTYPES_H 1
| #define HAVE_STDINT_H 1
| #define HAVE_STRINGS_H 1
| #define HAVE_SYS_STAT_H 1
| #define HAVE_SYS_TYPES_H 1
| #define HAVE_UNISTD_H 1
| #define STDC_HEADERS 1
| #define HAVE_DLFCN_H 1
| #define LT_OBJDIR ".libs/"
| #define HAVE_DLFCN_H 1
| #define HAVE_DLOPEN 1
| #define HAVE_LIBPTHREAD 1
| #define DLOPEN_FLAG (RTLD_NOW | RTLD_GLOBAL)
| #define SHARED_LIB_EXT ".so"
| #define SIZEOF_SHORT 2
| #define SIZEOF_INT 4
| #define SIZEOF_LONG 8
| #define HAVE_SYS_SOUNDCARD_H 1
| #define BROKEN_OSS 1
| /* end confdefs.h.  */
| #include <stddef.h>
| #ifdef HAVE_STDIO_H
| # include <stdio.h>
| #endif
| #ifdef HAVE_STDLIB_H
| # include <stdlib.h>
| #endif
| #ifdef HAVE_STRING_H
| # include <string.h>
| #endif
| #ifdef HAVE_INTTYPES_H
| # include <inttypes.h>
| #endif
| #ifdef HAVE_STDINT_H
| # include <stdint.h>
| #endif
| #ifdef HAVE_STRINGS_H
| # include <strings.h>
| #endif
| #ifdef HAVE_SYS_TYPES_H
| # include <sys/types.h>
| #endif
| #ifdef HAVE_SYS_STAT_H
| # include <sys/stat.h>
| #endif
| #ifdef HAVE_UNISTD_H
| # include <unistd.h>
| #endif
| #include <libroar/config.h>
configure:14034: result: no
configure:14121: checking for artsc-config
configure:14159: result: no
configure:14388: checking how to run the C preprocessor
configure:14414: gcc -E  conftest.c
configure:14414: $? = 0
configure:14429: gcc -E  conftest.c
conftest.c:33:10: fatal error: ac_nonexistent.h: No such file or directory
   33 | #include <ac_nonexistent.h>
      |          ^~~~~~~~~~~~~~~~~~
compilation terminated.
configure:14429: $? = 1
configure: failed program was:
| /* confdefs.h */
| #define PACKAGE_NAME "libao"
| #define PACKAGE_TARNAME "libao"
| #define PACKAGE_VERSION "1.2.0"
| #define PACKAGE_STRING "libao 1.2.0"
| #define PACKAGE_BUGREPORT "monty@xiph.org"
| #define PACKAGE_URL ""
| #define PACKAGE "libao"
| #define VERSION "1.2.0"
| #define HAVE_STDIO_H 1
| #define HAVE_STDLIB_H 1
| #define HAVE_STRING_H 1
| #define HAVE_INTTYPES_H 1
| #define HAVE_STDINT_H 1
| #define HAVE_STRINGS_H 1
| #define HAVE_SYS_STAT_H 1
| #define HAVE_SYS_TYPES_H 1
| #define HAVE_UNISTD_H 1
| #define STDC_HEADERS 1
| #define HAVE_DLFCN_H 1
| #define LT_OBJDIR ".libs/"
| #define HAVE_DLFCN_H 1
| #define HAVE_DLOPEN 1
| #define HAVE_LIBPTHREAD 1
| #define DLOPEN_FLAG (RTLD_NOW | RTLD_GLOBAL)
| #define SHARED_LIB_EXT ".so"
| #define SIZEOF_SHORT 2
| #define SIZEOF_INT 4
| #define SIZEOF_LONG 8
| #define HAVE_SYS_SOUNDCARD_H 1
| #define BROKEN_OSS 1
| /* end confdefs.h.  */
| #include <ac_nonexistent.h>
configure:14456: result: gcc -E
configure:14470: gcc -E  conftest.c
configure:14470: $? = 0
configure:14485: gcc -E  conftest.c
conftest.c:33:10: fatal error: ac_nonexistent.h: No such file or directory
   33 | #include <ac_nonexistent.h>
      |          ^~~~~~~~~~~~~~~~~~
compilation terminated.
configure:14485: $? = 1
configure: failed program was:
| /* confdefs.h */
| #define PACKAGE_NAME "libao"
| #define PACKAGE_TARNAME "libao"
| #define PACKAGE_VERSION "1.2.0"
| #define PACKAGE_STRING "libao 1.2.0"
| #define PACKAGE_BUGREPORT "monty@xiph.org"
| #define PACKAGE_URL ""
| #define PACKAGE "libao"
| #define VERSION "1.2.0"
| #define HAVE_STDIO_H 1
| #define HAVE_STDLIB_H 1
| #define HAVE_STRING_H 1
| #define HAVE_INTTYPES_H 1
| #define HAVE_STDINT_H 1
| #define HAVE_STRINGS_H 1
| #define HAVE_SYS_STAT_H 1
| #define HAVE_SYS_TYPES_H 1
| #define HAVE_UNISTD_H 1
| #define STDC_HEADERS 1
| #define HAVE_DLFCN_H 1
| #define LT_OBJDIR ".libs/"
| #define HAVE_DLFCN_H 1
| #define HAVE_DLOPEN 1
| #define HAVE_LIBPTHREAD 1
| #define DLOPEN_FLAG (RTLD_NOW | RTLD_GLOBAL)
| #define SHARED_LIB_EXT ".so"
| #define SIZEOF_SHORT 2
| #define SIZEOF_INT 4
| #define SIZEOF_LONG 8
| #define HAVE_SYS_SOUNDCARD_H 1
| #define BROKEN_OSS 1
| /* end confdefs.h.  */
| #include <ac_nonexistent.h>
configure:14516: checking for X
configure:14554: gcc -o conftest -O20 -ffast-math -D_REENTRANT -fsigned-char  -DAO_BUILDING_LIBAO   conftest.c -lX11 -lpthread  >&5
configure:14554: $? = 0
configure:14741: result: libraries , headers 
configure:14839: gcc -o conftest -O20 -ffast-math -D_REENTRANT -fsigned-char  -DAO_BUILDING_LIBAO   conftest.c -lpthread   -lX11 >&5
configure:14839: $? = 0
configure:14938: checking for gethostbyname
configure:14938: gcc -o conftest -O20 -ffast-math -D_REENTRANT -fsigned-char  -DAO_BUILDING_LIBAO   conftest.c -lpthread  >&5
configure:14938: $? = 0
configure:14938: result: yes
configure:15036: checking for connect
configure:15036: gcc -o conftest -O20 -ffast-math -D_REENTRANT -fsigned-char  -DAO_BUILDING_LIBAO   conftest.c -lpthread  >&5
configure:15036: $? = 0
configure:15036: result: yes
configure:15086: checking for remove
configure:15086: gcc -o conftest -O20 -ffast-math -D_REENTRANT -fsigned-char  -DAO_BUILDING_LIBAO   conftest.c -lpthread  >&5
configure:15086: $? = 0
configure:15086: result: yes
configure:15136: checking for shmat
configure:15136: gcc -o conftest -O20 -ffast-math -D_REENTRANT -fsigned-char  -DAO_BUILDING_LIBAO   conftest.c -lpthread  >&5
configure:15136: $? = 0
configure:15136: result: yes
configure:15195: checking for IceConnectionNumber in -lICE
configure:15218: gcc -o conftest -O20 -ffast-math -D_REENTRANT -fsigned-char  -DAO_BUILDING_LIBAO   conftest.c -lICE  -lpthread  >&5
configure:15218: $? = 0
configure:15228: result: yes
configure:15239: checking for XauFileName in -lXau
configure:15262: gcc -o conftest -O20 -ffast-math -D_REENTRANT -fsigned-char  -DAO_BUILDING_LIBAO   conftest.c -lXau  -lpthread  >&5
configure:15262: $? = 0
configure:15272: result: yes
configure:15281: checking for AuOpenServer in -laudio
configure:15304: gcc -o conftest -O20 -ffast-math -D_REENTRANT -fsigned-char  -DAO_BUILDING_LIBAO   conftest.c -laudio -lXau  -lpthread  >&5
/usr/bin/ld: cannot find -laudio: No such file or directory
collect2: error: ld returned 1 exit status
configure:15304: $? = 1
configure: failed program was:
| /* confdefs.h */
| #define PACKAGE_NAME "libao"
| #define PACKAGE_TARNAME "libao"
| #define PACKAGE_VERSION "1.2.0"
| #define PACKAGE_STRING "libao 1.2.0"
| #define PACKAGE_BUGREPORT "monty@xiph.org"
| #define PACKAGE_URL ""
| #define PACKAGE "libao"
| #define VERSION "1.2.0"
| #define HAVE_STDIO_H 1
| #define HAVE_STDLIB_H 1
| #define HAVE_STRING_H 1
| #define HAVE_INTTYPES_H 1
| #define HAVE_STDINT_H 1
| #define HAVE_STRINGS_H 1
| #define HAVE_SYS_STAT_H 1
| #define HAVE_SYS_TYPES_H 1
| #define HAVE_UNISTD_H 1
| #define STDC_HEADERS 1
| #define HAVE_DLFCN_H 1
| #define LT_OBJDIR ".libs/"
| #define HAVE_DLFCN_H 1
| #define HAVE_DLOPEN 1
| #define HAVE_LIBPTHREAD 1
| #define DLOPEN_FLAG (RTLD_NOW | RTLD_GLOBAL)
| #define SHARED_LIB_EXT ".so"
| #define SIZEOF_SHORT 2
| #define SIZEOF_INT 4
| #define SIZEOF_LONG 8
| #define HAVE_SYS_SOUNDCARD_H 1
| #define BROKEN_OSS 1
| /* end confdefs.h.  */
| 
| /* Override any GCC internal prototype to avoid an error.
|    Use char because int might match the return type of a GCC
|    builtin and then its argument prototype would still apply.  */
| char AuOpenServer ();
| int
| main (void)
| {
| return AuOpenServer ();
|   ;
|   return 0;
| }
configure:15314: result: no
configure:15326: checking for audio/audiolib.h
configure:15326: gcc -c -O20 -ffast-math -D_REENTRANT -fsigned-char  -DAO_BUILDING_LIBAO   conftest.c >&5
conftest.c:61:10: fatal error: audio/audiolib.h: No such file or directory
   61 | #include <audio/audiolib.h>
      |          ^~~~~~~~~~~~~~~~~~
compilation terminated.
configure:15326: $? = 1
configure: failed program was:
| /* confdefs.h */
| #define PACKAGE_NAME "libao"
| #define PACKAGE_TARNAME "libao"
| #define PACKAGE_VERSION "1.2.0"
| #define PACKAGE_STRING "libao 1.2.0"
| #define PACKAGE_BUGREPORT "monty@xiph.org"
| #define PACKAGE_URL ""
| #define PACKAGE "libao"
| #define VERSION "1.2.0"
| #define HAVE_STDIO_H 1
| #define HAVE_STDLIB_H 1
| #define HAVE_STRING_H 1
| #define HAVE_INTTYPES_H 1
| #define HAVE_STDINT_H 1
| #define HAVE_STRINGS_H 1
| #define HAVE_SYS_STAT_H 1
| #define HAVE_SYS_TYPES_H 1
| #define HAVE_UNISTD_H 1
| #define STDC_HEADERS 1
| #define HAVE_DLFCN_H 1
| #define LT_OBJDIR ".libs/"
| #define HAVE_DLFCN_H 1
| #define HAVE_DLOPEN 1
| #define HAVE_LIBPTHREAD 1
| #define DLOPEN_FLAG (RTLD_NOW | RTLD_GLOBAL)
| #define SHARED_LIB_EXT ".so"
| #define SIZEOF_SHORT 2
| #define SIZEOF_INT 4
| #define SIZEOF_LONG 8
| #define HAVE_SYS_SOUNDCARD_H 1
| #define BROKEN_OSS 1
| /* end confdefs.h.  */
| #include <stddef.h>
| #ifdef HAVE_STDIO_H
| # include <stdio.h>
| #endif
| #ifdef HAVE_STDLIB_H
| # include <stdlib.h>
| #endif
| #ifdef HAVE_STRING_H
| # include <string.h>
| #endif
| #ifdef HAVE_INTTYPES_H
| # include <inttypes.h>
| #endif
| #ifdef HAVE_STDINT_H
| # include <stdint.h>
| #endif
| #ifdef HAVE_STRINGS_H
| # include <strings.h>
| #endif
| #ifdef HAVE_SYS_TYPES_H
| # include <sys/types.h>
| #endif
| #ifdef HAVE_SYS_STAT_H
| # include <sys/stat.h>
| #endif
| #ifdef HAVE_UNISTD_H
| # include <unistd.h>
| #endif
| #include <audio/audiolib.h>
configure:15326: result: no
configure:15374: checking for pkg-config
configure:15397: found /usr/bin/pkg-config
configure:15410: result: /usr/bin/pkg-config
configure:15428: checking for  libpulse-simple >= 0.9 
configure:15432: result: yes
configure:15436: checking PULSE_CFLAGS
configure:15439: result: -D_REENTRANT -I/usr/local/include
configure:15442: checking PULSE_LIBS
configure:15445: result: -L/usr/local/lib/x86_64-linux-gnu -lpulse-simple -pthread -lpulse -pthread
configure:15633: checking that generated files are newer than configure
configure:15639: result: done
configure:15726: creating ./config.status

## ---------------------- ##
## Running config.status. ##
## ---------------------- ##

This file was extended by libao config.status 1.2.0, which was
generated by GNU Autoconf 2.71.  Invocation command line was

  CONFIG_FILES    = 
  CONFIG_HEADERS  = 
  CONFIG_LINKS    = 
  CONFIG_COMMANDS = 
  $ ./config.status 

on addysmagic-MacBookPro

config.status:1092: creating Makefile
config.status:1092: creating src/Makefile
config.status:1092: creating doc/Makefile
config.status:1092: creating include/Makefile
config.status:1092: creating include/ao/Makefile
config.status:1092: creating include/ao/os_types.h
config.status:1092: creating src/plugins/Makefile
config.status:1092: creating src/plugins/esd/Makefile
config.status:1092: creating src/plugins/oss/Makefile
config.status:1092: creating src/plugins/alsa/Makefile
config.status:1092: creating src/plugins/sun/Makefile
config.status:1092: creating src/plugins/irix/Makefile
config.status:1092: creating src/plugins/arts/Makefile
config.status:1092: creating src/plugins/macosx/Makefile
config.status:1092: creating src/plugins/nas/Makefile
config.status:1092: creating src/plugins/pulse/Makefile
config.status:1092: creating src/plugins/sndio/Makefile
config.status:1092: creating src/plugins/roar/Makefile
config.status:1092: creating ao.pc
config.status:1264: executing depfiles commands
config.status:1341: cd src       && sed -e '/# am--include-marker/d' Makefile         | make -f - am--depfiles
config.status:1346: $? = 0
config.status:1341: cd src/plugins/esd       && sed -e '/# am--include-marker/d' Makefile         | make -f - am--depfiles
config.status:1346: $? = 0
config.status:1341: cd src/plugins/oss       && sed -e '/# am--include-marker/d' Makefile         | make -f - am--depfiles
config.status:1346: $? = 0
config.status:1341: cd src/plugins/alsa       && sed -e '/# am--include-marker/d' Makefile         | make -f - am--depfiles
config.status:1346: $? = 0
config.status:1341: cd src/plugins/sun       && sed -e '/# am--include-marker/d' Makefile         | make -f - am--depfiles
config.status:1346: $? = 0
config.status:1341: cd src/plugins/irix       && sed -e '/# am--include-marker/d' Makefile         | make -f - am--depfiles
config.status:1346: $? = 0
config.status:1341: cd src/plugins/arts       && sed -e '/# am--include-marker/d' Makefile         | make -f - am--depfiles
config.status:1346: $? = 0
config.status:1341: cd src/plugins/macosx       && sed -e '/# am--include-marker/d' Makefile         | make -f - am--depfiles
config.status:1346: $? = 0
config.status:1341: cd src/plugins/nas       && sed -e '/# am--include-marker/d' Makefile         | make -f - am--depfiles
config.status:1346: $? = 0
config.status:1341: cd src/plugins/pulse       && sed -e '/# am--include-marker/d' Makefile         | make -f - am--depfiles
config.status:1346: $? = 0
config.status:1341: cd src/plugins/sndio       && sed -e '/# am--include-marker/d' Makefile         | make -f - am--depfiles
config.status:1346: $? = 0
config.status:1341: cd src/plugins/roar       && sed -e '/# am--include-marker/d' Makefile         | make -f - am--depfiles
config.status:1346: $? = 0
config.status:1264: executing libtool commands
configure:17817: result:
------------------------------------------------------------------------
  libao 1.2.0:  Automatic configuration OK.

  Backends to be built:

    AU file output: .............. yes
    RAW file output: ............. yes
    WAV file output: ............. yes

    AIX live output: ............. no
    ALSA live output: ............ yes
    ARTS live output: ............ no
    ESD live output: ............. no
    IRIX live output: ............ no
    MACOSX live output: .......... no
    NAS live output: ............. no
    NULL live output: ............ yes
    OSS live output: ............. yes
    PULSE live output: ........... yes
    ROAR live output: ............ no
    SNDIO live output: ........... no
    SUN live output: ............. no
    Windows WMM live output: ..... no

  Installation paths:

    libao: ....................... /usr/lib
    C header files: .............. /usr/include/ao
    Documentation: ............... /usr/share/doc/libao

  Building:

    Type 'make' to compile libao.

    Type 'make install' to install libao.

------------------------------------------------------------------------


## ---------------- ##
## Cache variables. ##
## ---------------- ##

ac_cv_build=x86_64-unknown-linux-gnu
ac_cv_c_compiler_gnu=yes
ac_cv_env_CC_set=
ac_cv_env_CC_value=
ac_cv_env_CFLAGS_set=
ac_cv_env_CFLAGS_value=
ac_cv_env_CPPFLAGS_set=
ac_cv_env_CPPFLAGS_value=
ac_cv_env_CPP_set=
ac_cv_env_CPP_value=
ac_cv_env_LDFLAGS_set=
ac_cv_env_LDFLAGS_value=
ac_cv_env_LIBS_set=
ac_cv_env_LIBS_value=
ac_cv_env_LT_SYS_LIBRARY_PATH_set=
ac_cv_env_LT_SYS_LIBRARY_PATH_value=
ac_cv_env_XMKMF_set=
ac_cv_env_XMKMF_value=
ac_cv_env_build_alias_set=
ac_cv_env_build_alias_value=
ac_cv_env_host_alias_set=
ac_cv_env_host_alias_value=
ac_cv_env_target_alias_set=
ac_cv_env_target_alias_value=
ac_cv_func_connect=yes
ac_cv_func_dlopen=yes
ac_cv_func_gethostbyname=yes
ac_cv_func_remove=yes
ac_cv_func_shl_load=no
ac_cv_func_shmat=yes
ac_cv_have_x='have_x=yes	ac_x_includes='\'''\''	ac_x_libraries='\'''\'''
ac_cv_header_alsa_asoundlib_h=yes
ac_cv_header_audio_audiolib_h=no
ac_cv_header_dlfcn_h=yes
ac_cv_header_inttypes_h=yes
ac_cv_header_libroar_config_h=no
ac_cv_header_machine_soundcard_h=no
ac_cv_header_sndio_h=no
ac_cv_header_stdint_h=yes
ac_cv_header_stdio_h=yes
ac_cv_header_stdlib_h=yes
ac_cv_header_string_h=yes
ac_cv_header_strings_h=yes
ac_cv_header_sys_audioio_h=no
ac_cv_header_sys_soundcard_h=yes
ac_cv_header_sys_stat_h=yes
ac_cv_header_sys_types_h=yes
ac_cv_header_unistd_h=yes
ac_cv_host=x86_64-unknown-linux-gnu
ac_cv_lib_ICE_IceConnectionNumber=yes
ac_cv_lib_Xau_XauFileName=yes
ac_cv_lib_asound_snd_pcm_open=yes
ac_cv_lib_audio_AuOpenServer=no
ac_cv_lib_dld_shl_load=no
ac_cv_lib_pthread_pthread_kill=yes
ac_cv_objext=o
ac_cv_path_EGREP='/usr/bin/grep -E'
ac_cv_path_ESD_CONFIG=no
ac_cv_path_FGREP='/usr/bin/grep -F'
ac_cv_path_GREP=/usr/bin/grep
ac_cv_path_PKG_CONFIG=/usr/bin/pkg-config
ac_cv_path_SED=/usr/bin/sed
ac_cv_path_install='/usr/bin/install -c'
ac_cv_path_lt_DD=/usr/bin/dd
ac_cv_path_mkdir=/usr/bin/mkdir
ac_cv_prog_AWK=gawk
ac_cv_prog_CPP='gcc -E'
ac_cv_prog_ac_ct_AR=ar
ac_cv_prog_ac_ct_CC=gcc
ac_cv_prog_ac_ct_DLLTOOL=dlltool
ac_cv_prog_ac_ct_MANIFEST_TOOL=mt
ac_cv_prog_ac_ct_OBJDUMP=objdump
ac_cv_prog_ac_ct_RANLIB=ranlib
ac_cv_prog_ac_ct_STRIP=strip
ac_cv_prog_cc_c11=
ac_cv_prog_cc_g=yes
ac_cv_prog_cc_stdc=
ac_cv_prog_make_make_set=yes
ac_cv_search_dlopen='none required'
ac_cv_sizeof_int=4
ac_cv_sizeof_long=8
ac_cv_sizeof_short=2
am_cv_CC_dependencies_compiler_type=gcc3
am_cv_make_support_nested_variables=yes
am_cv_prog_cc_c_o=yes
lt_cv_ar_at_file=@
lt_cv_deplibs_check_method=pass_all
lt_cv_dlopen=dlopen
lt_cv_dlopen_libs=
lt_cv_dlopen_self=yes
lt_cv_dlopen_self_static=no
lt_cv_file_magic_cmd='$MAGIC_CMD'
lt_cv_file_magic_test_file=
lt_cv_ld_reload_flag=-r
lt_cv_nm_interface='BSD nm'
lt_cv_objdir=.libs
lt_cv_path_LD=/usr/bin/ld
lt_cv_path_NM='/usr/bin/nm -B'
lt_cv_path_mainfest_tool=no
lt_cv_prog_compiler_c_o=yes
lt_cv_prog_compiler_pic='-fPIC -DPIC'
lt_cv_prog_compiler_pic_works=yes
lt_cv_prog_compiler_rtti_exceptions=no
lt_cv_prog_compiler_static_works=yes
lt_cv_prog_gnu_ld=yes
lt_cv_sharedlib_from_linklib_cmd='printf %s\n'
lt_cv_shlibpath_overrides_runpath=yes
lt_cv_sys_global_symbol_pipe='sed -n -e '\''s/^.*[	 ]\([ABCDGIRSTW][ABCDGIRSTW]*\)[	 ][	 ]*\([_A-Za-z][_A-Za-z0-9]*\)$/\1 \2 \2/p'\'' | sed '\''/ __gnu_lto/d'\'''
lt_cv_sys_global_symbol_to_c_name_address='sed -n -e '\''s/^: \(.*\) .*$/  {"\1", (void *) 0},/p'\'' -e '\''s/^[ABCDGIRSTW][ABCDGIRSTW]* .* \(.*\)$/  {"\1", (void *) \&\1},/p'\'''
lt_cv_sys_global_symbol_to_c_name_address_lib_prefix='sed -n -e '\''s/^: \(.*\) .*$/  {"\1", (void *) 0},/p'\'' -e '\''s/^[ABCDGIRSTW][ABCDGIRSTW]* .* \(lib.*\)$/  {"\1", (void *) \&\1},/p'\'' -e '\''s/^[ABCDGIRSTW][ABCDGIRSTW]* .* \(.*\)$/  {"lib\1", (void *) \&\1},/p'\'''
lt_cv_sys_global_symbol_to_cdecl='sed -n -e '\''s/^T .* \(.*\)$/extern int \1();/p'\'' -e '\''s/^[ABCDGIRSTW][ABCDGIRSTW]* .* \(.*\)$/extern char \1;/p'\'''
lt_cv_sys_global_symbol_to_import=
lt_cv_sys_max_cmd_len=1572864
lt_cv_to_host_file_cmd=func_convert_file_noop
lt_cv_to_tool_file_cmd=func_convert_file_noop
lt_cv_truncate_bin='/usr/bin/dd bs=4096 count=1'

## ----------------- ##
## Output variables. ##
## ----------------- ##

ACLOCAL='${SHELL} '\''/mnt/FASTstorage/FASTprogs/emotionstreamer/code/libao-1.2.0/missing'\'' aclocal-1.16'
ALSA_LIBS='-lasound'
AMDEPBACKSLASH='\'
AMDEP_FALSE='#'
AMDEP_TRUE=''
AMTAR='$${TAR-tar}'
AM_BACKSLASH='\'
AM_DEFAULT_V='$(AM_DEFAULT_VERBOSITY)'
AM_DEFAULT_VERBOSITY='1'
AM_V='$(V)'
AR='ar'
ARTSC_CONFIG=''
ARTSGLIB_CFLAGS=''
ARTSGLIB_LIBS=''
ARTS_CFLAGS=''
ARTS_LIBS=''
AS='as'
AUTOCONF='${SHELL} '\''/mnt/FASTstorage/FASTprogs/emotionstreamer/code/libao-1.2.0/missing'\'' autoconf'
AUTOHEADER='${SHELL} '\''/mnt/FASTstorage/FASTprogs/emotionstreamer/code/libao-1.2.0/missing'\'' autoheader'
AUTOMAKE='${SHELL} '\''/mnt/FASTstorage/FASTprogs/emotionstreamer/code/libao-1.2.0/missing'\'' automake-1.16'
AWK='gawk'
BINDIR='/usr/bin'
CC='gcc'
CCDEPMODE='depmode=gcc3'
CFLAGS='-O20 -ffast-math -D_REENTRANT -fsigned-char  -DAO_BUILDING_LIBAO'
CPP='gcc -E'
CPPFLAGS=''
CSCOPE='cscope'
CTAGS='ctags'
CYGPATH_W='echo'
DEBUG='-g -Wall -D_REENTRANT -D__NO_MATH_INLINES -fsigned-char  -DAO_BUILDING_LIBAO'
DEFS='-DPACKAGE_NAME=\"libao\" -DPACKAGE_TARNAME=\"libao\" -DPACKAGE_VERSION=\"1.2.0\" -DPACKAGE_STRING=\"libao\ 1.2.0\" -DPACKAGE_BUGREPORT=\"monty@xiph.org\" -DPACKAGE_URL=\"\" -DPACKAGE=\"libao\" -DVERSION=\"1.2.0\" -DHAVE_STDIO_H=1 -DHAVE_STDLIB_H=1 -DHAVE_STRING_H=1 -DHAVE_INTTYPES_H=1 -DHAVE_STDINT_H=1 -DHAVE_STRINGS_H=1 -DHAVE_SYS_STAT_H=1 -DHAVE_SYS_TYPES_H=1 -DHAVE_UNISTD_H=1 -DSTDC_HEADERS=1 -DHAVE_DLFCN_H=1 -DLT_OBJDIR=\".libs/\" -DHAVE_DLFCN_H=1 -DHAVE_DLOPEN=1 -DHAVE_LIBPTHREAD=1 -DDLOPEN_FLAG=\(RTLD_NOW\ \|\ RTLD_GLOBAL\) -DSHARED_LIB_EXT=\".so\" -DSIZEOF_SHORT=2 -DSIZEOF_INT=4 -DSIZEOF_LONG=8 -DHAVE_SYS_SOUNDCARD_H=1 -DBROKEN_OSS=1'
DEPDIR='.deps'
DLLTOOL='dlltool'
DOCDIR='/usr/share/doc/libao'
DSYMUTIL=''
DUMPBIN=''
ECHO_C=''
ECHO_N='-n'
ECHO_T=''
EGREP='/usr/bin/grep -E'
ESD_CFLAGS=''
ESD_CONFIG='no'
ESD_LIBS=''
ETAGS='etags'
EXEEXT=''
FGREP='/usr/bin/grep -F'
GREP='/usr/bin/grep'
HAVE_AIX_AUDIO_FALSE=''
HAVE_AIX_AUDIO_TRUE='#'
HAVE_ALSA_FALSE='#'
HAVE_ALSA_TRUE=''
HAVE_ARTS_FALSE=''
HAVE_ARTS_TRUE='#'
HAVE_ESD_FALSE=''
HAVE_ESD_TRUE='#'
HAVE_IRIX_FALSE=''
HAVE_IRIX_TRUE='#'
HAVE_LD_VERSION_SCRIPT_FALSE='#'
HAVE_LD_VERSION_SCRIPT_TRUE=''
HAVE_MACOSX_FALSE=''
HAVE_MACOSX_TRUE='#'
HAVE_NAS_FALSE=''
HAVE_NAS_TRUE='#'
HAVE_OSS_FALSE='#'
HAVE_OSS_TRUE=''
HAVE_PULSE_FALSE='#'
HAVE_PULSE_TRUE=''
HAVE_ROAR_AUDIO_FALSE=''
HAVE_ROAR_AUDIO_TRUE='#'
HAVE_SNDIO_AUDIO_FALSE=''
HAVE_SNDIO_AUDIO_TRUE='#'
HAVE_SOLARIS_FALSE=''
HAVE_SOLARIS_TRUE='#'
HAVE_SUN_AUDIO_FALSE=''
HAVE_SUN_AUDIO_TRUE='#'
HAVE_WMM_FALSE=''
HAVE_WMM_TRUE='#'
INCLUDEDIR='/usr/include'
INSTALL_DATA='${INSTALL} -m 644'
INSTALL_PROGRAM='${INSTALL}'
INSTALL_SCRIPT='${INSTALL}'
INSTALL_STRIP_PROGRAM='$(install_sh) -c -s'
LD='/usr/bin/ld -m elf_x86_64'
LDFLAGS=''
LIBAO_LA_LDFLAGS=''
LIBDIR='/usr/lib'
LIBOBJS=''
LIBS='-lpthread '
LIBTOOL='$(SHELL) $(top_builddir)/libtool'
LIB_AGE='1'
LIB_CURRENT='5'
LIB_REVISION='0'
LIPO=''
LN_S='ln -s'
LTLIBOBJS=''
LT_SYS_LIBRARY_PATH=''
MAINT='#'
MAINTAINER_MODE_FALSE=''
MAINTAINER_MODE_TRUE='#'
MAKEINFO='${SHELL} '\''/mnt/FASTstorage/FASTprogs/emotionstreamer/code/libao-1.2.0/missing'\'' makeinfo'
MANIFEST_TOOL=':'
MKDIR_P='/usr/bin/mkdir -p'
NAS_CFLAGS=''
NAS_LIBS=''
NM='/usr/bin/nm -B'
NMEDIT=''
OBJDUMP='objdump'
OBJEXT='o'
OTOOL64=''
OTOOL=''
PACKAGE='libao'
PACKAGE_BUGREPORT='monty@xiph.org'
PACKAGE_NAME='libao'
PACKAGE_STRING='libao 1.2.0'
PACKAGE_TARNAME='libao'
PACKAGE_URL=''
PACKAGE_VERSION='1.2.0'
PATH_SEPARATOR=':'
PKG_CONFIG='/usr/bin/pkg-config'
PLUGIN_LDFLAGS='-export-dynamic -avoid-version'
PROFILE='-pg -g -O20 -ffast-math -D_REENTRANT -fsigned-char  -DAO_BUILDING_LIBAO'
PULSE_CFLAGS='-D_REENTRANT -I/usr/local/include'
PULSE_LIBS='-L/usr/local/lib/x86_64-linux-gnu -lpulse-simple -pthread -lpulse -pthread'
RANLIB='ranlib'
SED='/usr/bin/sed'
SET_MAKE=''
SHELL='/bin/bash'
SIZE16='short'
SIZE32='int'
SLP_DEF='-DROAR_LIBROAR_CONFIG_WAS_NO_SLP'
STRIP='strip'
VERSION='1.2.0'
WMM_LIBS=''
XMKMF=''
X_CFLAGS=''
X_EXTRA_LIBS=''
X_LIBS=''
X_PRE_LIBS=' -lSM -lICE'
ac_ct_AR='ar'
ac_ct_CC='gcc'
ac_ct_DUMPBIN=''
am__EXEEXT_FALSE=''
am__EXEEXT_TRUE='#'
am__fastdepCC_FALSE='#'
am__fastdepCC_TRUE=''
am__include='include'
am__isrc=''
am__leading_dot='.'
am__nodep='_no'
am__quote=''
am__tar='$${TAR-tar} chof - "$$tardir"'
am__untar='$${TAR-tar} xf -'
bindir='${exec_prefix}/bin'
build='x86_64-unknown-linux-gnu'
build_alias=''
build_cpu='x86_64'
build_os='linux-gnu'
build_vendor='unknown'
datadir='${datarootdir}'
datarootdir='${prefix}/share'
docdir='${datarootdir}/doc/${PACKAGE_TARNAME}'
dvidir='${docdir}'
exec_prefix='${prefix}'
host='x86_64-unknown-linux-gnu'
host_alias=''
host_cpu='x86_64'
host_os='linux-gnu'
host_vendor='unknown'
htmldir='${docdir}'
includedir='${prefix}/include'
infodir='${datarootdir}/info'
install_sh='${SHELL} /mnt/FASTstorage/FASTprogs/emotionstreamer/code/libao-1.2.0/install-sh'
libdir='${exec_prefix}/lib'
libexecdir='${exec_prefix}/libexec'
localedir='${datarootdir}/locale'
localstatedir='${prefix}/var'
mandir='${datarootdir}/man'
mkdir_p='$(MKDIR_P)'
oldincludedir='/usr/include'
pdfdir='${docdir}'
plugindir='${exec_prefix}/lib/ao/plugins-4'
prefix='/usr'
program_transform_name='s,x,x,'
psdir='${docdir}'
runstatedir='${localstatedir}/run'
sbindir='${exec_prefix}/sbin'
sharedstatedir='${prefix}/com'
sysconfdir='${prefix}/etc'
target_alias=''

## ----------- ##
## confdefs.h. ##
## ----------- ##

/* confdefs.h */
#define PACKAGE_NAME "libao"
#define PACKAGE_TARNAME "libao"
#define PACKAGE_VERSION "1.2.0"
#define PACKAGE_STRING "libao 1.2.0"
#define PACKAGE_BUGREPORT "monty@xiph.org"
#define PACKAGE_URL ""
#define PACKAGE "libao"
#define VERSION "1.2.0"
#define HAVE_STDIO_H 1
#define HAVE_STDLIB_H 1
#define HAVE_STRING_H 1
#define HAVE_INTTYPES_H 1
#define HAVE_STDINT_H 1
#define HAVE_STRINGS_H 1
#define HAVE_SYS_STAT_H 1
#define HAVE_SYS_TYPES_H 1
#define HAVE_UNISTD_H 1
#define STDC_HEADERS 1
#define HAVE_DLFCN_H 1
#define LT_OBJDIR ".libs/"
#define HAVE_DLFCN_H 1
#define HAVE_DLOPEN 1
#define HAVE_LIBPTHREAD 1
#define DLOPEN_FLAG (RTLD_NOW | RTLD_GLOBAL)
#define SHARED_LIB_EXT ".so"
#define SIZEOF_SHORT 2
#define SIZEOF_INT 4
#define SIZEOF_LONG 8
#define HAVE_SYS_SOUNDCARD_H 1
#define BROKEN_OSS 1

configure: exit 0
